     1                                  ;从1加到100
     2                                  s: ;开始标号
     3 00000000 EB0E                          jmp start
     4 00000002 312B322B332B2E2E2E-     message db '1+2+3+...+100=' ;字符串等同于db '1','+','2'...
     4 0000000B 2B3130303D         
     5                                  ;message代表这一行的汇编地址
     6                                  ; 传送准备阶段
     7                                  ; ds:si 原始数据串的段地址:偏移地址
     8                                  ; es:di 目标位置的段地址:偏移地址
     9                                  
    10                                  start:
    11 00000010 B8C007                        mov ax,0x7c0 ;设置数据段的段基地址
    12 00000013 8ED8                          mov ds,ax
    13                                  
    14 00000015 B800B8                        mov ax,0xb800 ;设置附加段的段基地址到显示缓冲区
    15 00000018 8EC0                          mov es,ax
    16                                  
    17                                        ;显示字符
    18 0000001A BE[0200]                      mov si,message
    19 0000001D BF0000                        mov di,0
    20 00000020 B90E00                        mov cx,start - message ;循环次数
    21                                  showmsg:
    22 00000023 8A04                          mov al,[si] ;将si对应的数据(字符)传送到al寄存器
    23 00000025 268805                        mov [es:di],al ;将al寄存器的值，传送给显存缓冲区
    24 00000028 47                            inc di ;di偏移地址+1向后面移动一个字节
    25 00000029 26C60507                      mov byte [es:di],0x07 ;为字符设置显示属性颜色等数据
    26 0000002D 47                            inc di ;di偏移地址+1向后面移动一个字节，为下一个字节空间放置字符做准备
    27 0000002E 46                            inc si ;si +1获取下一个字符
    28 0000002F E2F2                          loop showmsg
    29                                  
    30                                        ;计算1到100的和
    31 00000031 31C0                          xor ax,ax ;ax用于存储累加结果，异或指令清零
    32 00000033 B90100                        mov cx,1
    33                                  summate:
    34 00000036 01C8                          add ax,cx
    35 00000038 41                            inc cx
    36 00000039 83F964                        cmp cx,100 ;cx与100进行比较
    37 0000003C 7EF8                          jle summate ;如果小于等于则跳转
    38                                  
    39                                        ;mov ax, number
    40                                        ;分解各个数位
    41 0000003E BB[6700]                      mov bx,number
    42 00000041 B90500                        mov cx,5 ;循环次数
    43 00000044 BE0A00                        mov si,10 ;除数
    44                                  
    45                                  digit:
    46 00000047 31D2                          xor dx,dx ;重置dx
    47 00000049 F7F6                          div si
    48 0000004B 8817                          mov [bx], dl ;保留数位（余数）5050 => 0505
    49 0000004D 43                            inc bx
    50 0000004E E2F7                          loop digit
    51                                  
    52                                        ;开始展示各个数位
    53 00000050 BB[6700]                      mov bx, number ;将存有各个数位的首地址存储到bx 基址寄存器
    54 00000053 BE0400                        mov si, 4; 0,0,0,0,0 -> 4 整体是0-4 想要从后往前
    55                                  show:
    56                                       ;这里si被称为Index Register索引寄存器或者变址寄存器，另一个变址寄存器是di
    57 00000056 8A00                          mov al, [bx+si];bx不变，通过si变化访问地址数据
    58                                        ;bx存放的是基地址，是标号number后面，第一个数位的偏移地址
    59                                        ;加上si的索引值之后，就可以访问其他数位的偏移地址
    60 00000058 0430                          add al, 0x30 ;行成字符编码
    61 0000005A B404                          mov ah, 0x04 ;字符颜色属性
    62 0000005C 268905                        mov [es:di], ax
    63 0000005F 83C702                        add di, 2
    64 00000062 4E                            dec si ;递减，指向前一个数位
    65                                        ;jns条件转移指令 处理器执行它时，要参考标志寄存器的sf为，即标志位
    66 00000063 79F1                          jns show ;jns条件转移指令 如果标志寄存器（flags）的标志位符号为不是1，
    67                                        ;则跳转到标号show处执行
    68                                        ;当si的值一值-1结果为-1时，标志寄存器（flags）的标志位置1
    69                                        ;此时不满足jns指令要求，会向下执行语句
    70                                  
    71 00000065 EBFE                          jmp $
    72                                  
    73 00000067 0000000000              number db 0,0,0,0,0
    74                                  
    75                                  e: ;结束标号
    76 0000006C 00<rep 192h>                   times 510 - (e - s) db 0
    77 000001FE 55AA                           db 0x55, 0xaa
    78                                  
