     1                                  top:
     2                                  
     3                                  start:
     4 00000000 B88EE8                        mov ax,-6002 ;ax16 位寄存器
     5                                        ;由于除数是bx，是16位寄存器，所以被除数需要为32位
     6                                        ;即ax需要扩展为32位
     7                                        ;有很多指令可以将短的有符号数，扩展到长的有符号数
     8 00000003 99                            cwd ;将ax中的有符号数扩展到dx，扩展之后被除数的高16位在dx，低16位在ax
     9 00000004 BBF6FF                        mov bx,-10
    10                                  
    11 00000007 F7FB                          idiv bx
    12                                        ;商在al中0x04余数在ah中0x40 -> 只能以无符号数来解释
    13                                        ;使用有符号数解释会出错，解释不通
    14                                  bottom:
    15 00000009 00<rep 1F5h>                  times 510 - (bottom - top) db 0
    16 000001FE 55AA                          db 0x55, 0xAA
    17                                  
